---
source: claudine/cli/src/commands/config_tui/widgets/modal.rs
expression: buffer
---
Buffer {
    area: Rect { x: 0, y: 0, width: 60, height: 16 },
    content: [
        "                                                            ",
        "                                                            ",
        "                                                            ",
        "               ┌ Pick Provider ─────────────┐               ",
        "               │                            │               ",
        "               │    Claude                  │               ",
        "               │ >> Codex                   │               ",
        "               │    Gemini                  │               ",
        "               │                            │               ",
        "               │                            │               ",
        "               │                            │               ",
        "               │ ENTER: Select │ ESC: Cancel│               ",
        "               └────────────────────────────┘               ",
        "                                                            ",
        "                                                            ",
        "                                                            ",
    ],
    styles: [
        x: 0, y: 0, fg: Reset, bg: Reset, underline: Reset, modifier: NONE,
        x: 15, y: 3, fg: Yellow, bg: Reset, underline: Reset, modifier: NONE,
        x: 16, y: 3, fg: Yellow, bg: Reset, underline: Reset, modifier: BOLD,
        x: 31, y: 3, fg: Yellow, bg: Reset, underline: Reset, modifier: NONE,
        x: 45, y: 3, fg: Reset, bg: Reset, underline: Reset, modifier: NONE,
        x: 15, y: 4, fg: Yellow, bg: Reset, underline: Reset, modifier: NONE,
        x: 16, y: 4, fg: Reset, bg: Reset, underline: Reset, modifier: NONE,
        x: 44, y: 4, fg: Yellow, bg: Reset, underline: Reset, modifier: NONE,
        x: 45, y: 4, fg: Reset, bg: Reset, underline: Reset, modifier: NONE,
        x: 15, y: 5, fg: Yellow, bg: Reset, underline: Reset, modifier: NONE,
        x: 16, y: 5, fg: Reset, bg: Reset, underline: Reset, modifier: NONE,
        x: 20, y: 5, fg: White, bg: Reset, underline: Reset, modifier: NONE,
        x: 26, y: 5, fg: Reset, bg: Reset, underline: Reset, modifier: NONE,
        x: 44, y: 5, fg: Yellow, bg: Reset, underline: Reset, modifier: NONE,
        x: 45, y: 5, fg: Reset, bg: Reset, underline: Reset, modifier: NONE,
        x: 15, y: 6, fg: Yellow, bg: Reset, underline: Reset, modifier: NONE,
        x: 16, y: 6, fg: Reset, bg: Reset, underline: Reset, modifier: NONE,
        x: 17, y: 6, fg: Yellow, bg: Reset, underline: Reset, modifier: BOLD,
        x: 44, y: 6, fg: Yellow, bg: Reset, underline: Reset, modifier: NONE,
        x: 45, y: 6, fg: Reset, bg: Reset, underline: Reset, modifier: NONE,
        x: 15, y: 7, fg: Yellow, bg: Reset, underline: Reset, modifier: NONE,
        x: 16, y: 7, fg: Reset, bg: Reset, underline: Reset, modifier: NONE,
        x: 20, y: 7, fg: White, bg: Reset, underline: Reset, modifier: NONE,
        x: 26, y: 7, fg: Reset, bg: Reset, underline: Reset, modifier: NONE,
        x: 44, y: 7, fg: Yellow, bg: Reset, underline: Reset, modifier: NONE,
        x: 45, y: 7, fg: Reset, bg: Reset, underline: Reset, modifier: NONE,
        x: 15, y: 8, fg: Yellow, bg: Reset, underline: Reset, modifier: NONE,
        x: 16, y: 8, fg: Reset, bg: Reset, underline: Reset, modifier: NONE,
        x: 44, y: 8, fg: Yellow, bg: Reset, underline: Reset, modifier: NONE,
        x: 45, y: 8, fg: Reset, bg: Reset, underline: Reset, modifier: NONE,
        x: 15, y: 9, fg: Yellow, bg: Reset, underline: Reset, modifier: NONE,
        x: 16, y: 9, fg: Reset, bg: Reset, underline: Reset, modifier: NONE,
        x: 44, y: 9, fg: Yellow, bg: Reset, underline: Reset, modifier: NONE,
        x: 45, y: 9, fg: Reset, bg: Reset, underline: Reset, modifier: NONE,
        x: 15, y: 10, fg: Yellow, bg: Reset, underline: Reset, modifier: NONE,
        x: 16, y: 10, fg: Reset, bg: Reset, underline: Reset, modifier: NONE,
        x: 44, y: 10, fg: Yellow, bg: Reset, underline: Reset, modifier: NONE,
        x: 45, y: 10, fg: Reset, bg: Reset, underline: Reset, modifier: NONE,
        x: 15, y: 11, fg: Yellow, bg: Reset, underline: Reset, modifier: NONE,
        x: 16, y: 11, fg: Reset, bg: Reset, underline: Reset, modifier: NONE,
        x: 17, y: 11, fg: Yellow, bg: Indexed(236), underline: Reset, modifier: BOLD,
        x: 22, y: 11, fg: Indexed(250), bg: Indexed(236), underline: Reset, modifier: NONE,
        x: 30, y: 11, fg: Indexed(240), bg: Indexed(236), underline: Reset, modifier: NONE,
        x: 33, y: 11, fg: Yellow, bg: Indexed(236), underline: Reset, modifier: BOLD,
        x: 36, y: 11, fg: Indexed(250), bg: Indexed(236), underline: Reset, modifier: NONE,
        x: 44, y: 11, fg: Yellow, bg: Reset, underline: Reset, modifier: NONE,
        x: 45, y: 11, fg: Reset, bg: Reset, underline: Reset, modifier: NONE,
        x: 15, y: 12, fg: Yellow, bg: Reset, underline: Reset, modifier: NONE,
        x: 45, y: 12, fg: Reset, bg: Reset, underline: Reset, modifier: NONE,
    ]
}
