---
source: darkmatter/lib/tests/error_snapshots/transclusion.rs
expression: out
---
⤫ TransclusionError: missing source context
┃ 
┃ Could not resolve ./{{bold}}evil.md at line 1.
┃ 
┃ Note: Relative transclusions require a file-backed source.
┃ 
┃ Try using an absolute path or `@/` repo-root reference.
