---
source: darkmatter/lib/tests/error_snapshots/image_ref.rs
assertion_line: 64
expression: out
---
⤫ ImageRefError: malformed markdown image
┃ Message: expected ( after alt
┃ 
┃ Image parsing failed here:
┃ 
┃   > 1 │ ![alt] image.png
┃ 
┃         ^ (offset 7)
Use the pattern !alt with balanced brackets.
