---
source: darkmatter/lib/tests/error_snapshots/page_block.rs
expression: out
---
⤫ PageBlockError: The file sample.md has an unterminated ::block / ::end-block
  block definition.
┃ 
┃ The Frontmatter of this document was:
┃ 
┃ ```yaml
┃ ---
┃ title: Sample
┃ ---
┃ ```
┃ 
┃ The opening page block was found here:
┃ 
┃ ```md
┃    6 │ Intro paragraph.
┃    7 │ 
┃ >  8 │ ::block when="condition"
┃    9 │ body line one
┃   10 │ body line two
┃ ```
┃ 
┃ Add a matching ::end-block directive to close the region.
