---
source: darkmatter/lib/tests/error_snapshots/transclusion.rs
expression: out
---
⤫ TransclusionError: directive parse failed
┃ Directive parsing failed here:
┃ 
┃ ```md
┃       2 │ line 2
┃     > 3 │ line 3
┃       4 │ line 4
┃ 
┃ Gutter: Column 8 is near the error.
Error: unexpected token
Check syntax: ::file path="..."
