---
source: darkmatter/lib/tests/error_snapshots/transclusion.rs
assertion_line: 29
expression: out
---
⤫ TransclusionError: directive parse failed
┃ Directive parsing failed here:
┃ 
┃     2 │ line 2
┃   > 3 │ line 3
┃     4 │ line 4
┃ 
┃ Gutter: Column 8 is near the error.
Error: unexpected token
Check syntax: ::file path="..."
