---
source: darkmatter/lib/tests/error_snapshots/image_ref.rs
assertion_line: 166
expression: out
---
⤫ ImageRefError: invalid referrer policy
┃ Value: noreferer
┃ Did you mean: no-referrer?
Accepted values: no-referrer, no-referrer-when-downgrade, origin, origin-when-cross-origin, same-origin, strict-origin, strict-origin-when-cross-origin, unsafe-url.
