---
source: darkmatter/lib/tests/error_snapshots/link.rs
expression: out
---
⤫ LinkError: malformed markdown link
┃ 
┃ Message: expected ( after display text
┃ 
┃ Link parsing failed here:
┃ 
┃ ```md
┃     > 1 │ [label] target
┃ 
┃          ^ (offset 8)
┃ 
┃ Use the pattern display with balanced brackets.
