---
source: claudine/cli/src/commands/config_tui/tabs/services.rs
expression: buffer
---
Buffer {
    area: Rect { x: 0, y: 0, width: 100, height: 24 },
    content: [
        "Logging:  On / Off                                                                                  ",
        "                                                                                                    ",
        "                                                                                                    ",
        "Protect:  On / Off                                                                                  ",
        "    │                                                                                               ",
        "    ╰── Default Configuration                                                                       ",
        "                                                                                                    ",
        "         The default configuration represents a sensible defensive posture against shell commands   ",
        "         and MCP injection attacks but tries to maintain a balance so that flow is not interrupted. ",
        "                                                                                                    ",
        "                                                                                                    ",
        "         Filesystem             Network                System                Code Safety            ",
        "         ✓ File Destruction     ✓ Remote Execution     ✓ System Sabotage     ✓ Git Destructive      ",
        "         ✓ Disk Manipulation    ✓ Network Sabotage     ✓ Container/Cloud     ✓ Obfuscated Exec      ",
        "         ✓ Sensitive Paths      ✓ Credential Exfil     ✓ Database Nukes      ✓ Prompt Injection     ",
        "                                                                                                    ",
        "                                                                                                    ",
        "                                                                                                    ",
        "                                                                                                    ",
        "                                                                                                    ",
        "                                                                                                    ",
        "                                                                                                    ",
        "                                                                                                    ",
        "                                                                                                    ",
    ],
    styles: [
        x: 0, y: 0, fg: White, bg: Reset, underline: Reset, modifier: BOLD,
        x: 7, y: 0, fg: Reset, bg: Reset, underline: Reset, modifier: NONE,
        x: 10, y: 0, fg: Green, bg: Reset, underline: Reset, modifier: BOLD,
        x: 12, y: 0, fg: Reset, bg: Reset, underline: Reset, modifier: NONE,
        x: 15, y: 0, fg: DarkGray, bg: Reset, underline: Reset, modifier: NONE,
        x: 18, y: 0, fg: Reset, bg: Reset, underline: Reset, modifier: NONE,
        x: 0, y: 3, fg: White, bg: Reset, underline: Reset, modifier: BOLD,
        x: 7, y: 3, fg: Reset, bg: Reset, underline: Reset, modifier: NONE,
        x: 10, y: 3, fg: Green, bg: Reset, underline: Reset, modifier: BOLD,
        x: 12, y: 3, fg: Reset, bg: Reset, underline: Reset, modifier: NONE,
        x: 15, y: 3, fg: DarkGray, bg: Reset, underline: Reset, modifier: NONE,
        x: 18, y: 3, fg: Reset, bg: Reset, underline: Reset, modifier: NONE,
        x: 4, y: 4, fg: DarkGray, bg: Reset, underline: Reset, modifier: NONE,
        x: 5, y: 4, fg: Reset, bg: Reset, underline: Reset, modifier: NONE,
        x: 4, y: 5, fg: DarkGray, bg: Reset, underline: Reset, modifier: NONE,
        x: 8, y: 5, fg: White, bg: Reset, underline: Reset, modifier: BOLD,
        x: 29, y: 5, fg: Reset, bg: Reset, underline: Reset, modifier: NONE,
        x: 9, y: 7, fg: DarkGray, bg: Reset, underline: Reset, modifier: ITALIC,
        x: 0, y: 8, fg: Reset, bg: Reset, underline: Reset, modifier: NONE,
        x: 9, y: 8, fg: DarkGray, bg: Reset, underline: Reset, modifier: ITALIC,
        x: 0, y: 9, fg: Reset, bg: Reset, underline: Reset, modifier: NONE,
        x: 9, y: 9, fg: DarkGray, bg: Reset, underline: Reset, modifier: ITALIC,
        x: 0, y: 10, fg: Reset, bg: Reset, underline: Reset, modifier: NONE,
        x: 9, y: 11, fg: White, bg: Reset, underline: Reset, modifier: BOLD,
        x: 19, y: 11, fg: Reset, bg: Reset, underline: Reset, modifier: NONE,
        x: 32, y: 11, fg: White, bg: Reset, underline: Reset, modifier: BOLD,
        x: 39, y: 11, fg: Reset, bg: Reset, underline: Reset, modifier: NONE,
        x: 55, y: 11, fg: White, bg: Reset, underline: Reset, modifier: BOLD,
        x: 61, y: 11, fg: Reset, bg: Reset, underline: Reset, modifier: NONE,
        x: 77, y: 11, fg: White, bg: Reset, underline: Reset, modifier: BOLD,
        x: 88, y: 11, fg: Reset, bg: Reset, underline: Reset, modifier: NONE,
        x: 9, y: 12, fg: Green, bg: Reset, underline: Reset, modifier: NONE,
        x: 10, y: 12, fg: Reset, bg: Reset, underline: Reset, modifier: NONE,
        x: 11, y: 12, fg: Gray, bg: Reset, underline: Reset, modifier: NONE,
        x: 27, y: 12, fg: Reset, bg: Reset, underline: Reset, modifier: NONE,
        x: 32, y: 12, fg: Green, bg: Reset, underline: Reset, modifier: NONE,
        x: 33, y: 12, fg: Reset, bg: Reset, underline: Reset, modifier: NONE,
        x: 34, y: 12, fg: Gray, bg: Reset, underline: Reset, modifier: NONE,
        x: 50, y: 12, fg: Reset, bg: Reset, underline: Reset, modifier: NONE,
        x: 55, y: 12, fg: Green, bg: Reset, underline: Reset, modifier: NONE,
        x: 56, y: 12, fg: Reset, bg: Reset, underline: Reset, modifier: NONE,
        x: 57, y: 12, fg: Gray, bg: Reset, underline: Reset, modifier: NONE,
        x: 72, y: 12, fg: Reset, bg: Reset, underline: Reset, modifier: NONE,
        x: 77, y: 12, fg: Green, bg: Reset, underline: Reset, modifier: NONE,
        x: 78, y: 12, fg: Reset, bg: Reset, underline: Reset, modifier: NONE,
        x: 79, y: 12, fg: Gray, bg: Reset, underline: Reset, modifier: NONE,
        x: 94, y: 12, fg: Reset, bg: Reset, underline: Reset, modifier: NONE,
        x: 9, y: 13, fg: Green, bg: Reset, underline: Reset, modifier: NONE,
        x: 10, y: 13, fg: Reset, bg: Reset, underline: Reset, modifier: NONE,
        x: 11, y: 13, fg: Gray, bg: Reset, underline: Reset, modifier: NONE,
        x: 28, y: 13, fg: Reset, bg: Reset, underline: Reset, modifier: NONE,
        x: 32, y: 13, fg: Green, bg: Reset, underline: Reset, modifier: NONE,
        x: 33, y: 13, fg: Reset, bg: Reset, underline: Reset, modifier: NONE,
        x: 34, y: 13, fg: Gray, bg: Reset, underline: Reset, modifier: NONE,
        x: 50, y: 13, fg: Reset, bg: Reset, underline: Reset, modifier: NONE,
        x: 55, y: 13, fg: Green, bg: Reset, underline: Reset, modifier: NONE,
        x: 56, y: 13, fg: Reset, bg: Reset, underline: Reset, modifier: NONE,
        x: 57, y: 13, fg: Gray, bg: Reset, underline: Reset, modifier: NONE,
        x: 72, y: 13, fg: Reset, bg: Reset, underline: Reset, modifier: NONE,
        x: 77, y: 13, fg: Green, bg: Reset, underline: Reset, modifier: NONE,
        x: 78, y: 13, fg: Reset, bg: Reset, underline: Reset, modifier: NONE,
        x: 79, y: 13, fg: Gray, bg: Reset, underline: Reset, modifier: NONE,
        x: 94, y: 13, fg: Reset, bg: Reset, underline: Reset, modifier: NONE,
        x: 9, y: 14, fg: Green, bg: Reset, underline: Reset, modifier: NONE,
        x: 10, y: 14, fg: Reset, bg: Reset, underline: Reset, modifier: NONE,
        x: 11, y: 14, fg: Gray, bg: Reset, underline: Reset, modifier: NONE,
        x: 26, y: 14, fg: Reset, bg: Reset, underline: Reset, modifier: NONE,
        x: 32, y: 14, fg: Green, bg: Reset, underline: Reset, modifier: NONE,
        x: 33, y: 14, fg: Reset, bg: Reset, underline: Reset, modifier: NONE,
        x: 34, y: 14, fg: Gray, bg: Reset, underline: Reset, modifier: NONE,
        x: 50, y: 14, fg: Reset, bg: Reset, underline: Reset, modifier: NONE,
        x: 55, y: 14, fg: Green, bg: Reset, underline: Reset, modifier: NONE,
        x: 56, y: 14, fg: Reset, bg: Reset, underline: Reset, modifier: NONE,
        x: 57, y: 14, fg: Gray, bg: Reset, underline: Reset, modifier: NONE,
        x: 71, y: 14, fg: Reset, bg: Reset, underline: Reset, modifier: NONE,
        x: 77, y: 14, fg: Green, bg: Reset, underline: Reset, modifier: NONE,
        x: 78, y: 14, fg: Reset, bg: Reset, underline: Reset, modifier: NONE,
        x: 79, y: 14, fg: Gray, bg: Reset, underline: Reset, modifier: NONE,
        x: 95, y: 14, fg: Reset, bg: Reset, underline: Reset, modifier: NONE,
    ]
}
