---
source: worktree/cli/tests/list_table.rs
expression: labeled(cases)
---
## no comparison, tracking ref present / checked this run, no variance
origin/main  (checked just now)

## no tracking ref / checked this run, no variance
No local tracking ref  origin/main  (checked just now)

## no comparison, tracking ref present / variance; the fetch succeeded
origin/main  (updated from origin just now)

## no tracking ref / variance; the fetch succeeded
No local tracking ref  origin/main  (updated from origin just now)

## no comparison, tracking ref present / variance; the fetch failed
origin/main  (origin differed when checked just now; fetch didn't finish within 60 s)

## no tracking ref / variance; the fetch failed
No local tracking ref  origin/main  (origin differed when checked just now; fetch didn't finish within 60 s)

## no comparison, tracking ref present / still checking at 3 s
origin/main  (origin hasn't answered yet; still checking in the background; last checked with origin 2 h ago)

## no tracking ref / still checking at 3 s
No local tracking ref  origin/main  (origin hasn't answered yet; still checking in the background; last checked with origin 2 h ago)

## no comparison, tracking ref present / still pulling at 3 s
origin/main  (origin differed when checked just now; pulling remote updates in the background)

## no tracking ref / still pulling at 3 s
No local tracking ref  origin/main  (origin differed when checked just now; pulling remote updates in the background)

## no comparison, tracking ref present / check failed; an earlier answer exists
origin/main  (couldn't check origin; last checked with origin 2 h ago)

## no tracking ref / check failed; an earlier answer exists
No local tracking ref  origin/main  (couldn't check origin; last checked with origin 2 h ago)

## no comparison, tracking ref present / check failed; no earlier answer; the tracking ref has a reflog
origin/main  (couldn't check origin; tracking ref last changed 3 h ago)

## no tracking ref / check failed; no earlier answer; the tracking ref has a reflog
No local tracking ref  origin/main  (couldn't check origin; tracking ref last changed 3 h ago)

## no comparison, tracking ref present / check failed; nothing known
origin/main  (couldn't check origin; never checked with origin)

## no tracking ref / check failed; nothing known
No local tracking ref  origin/main  (couldn't check origin; never checked with origin)

## no comparison, tracking ref present / branch absent on origin, tracking ref still exists
origin/main  (main was absent on origin when checked just now; origin/main is a local tracking ref)

## no tracking ref / branch absent on origin, tracking ref still exists
main  was absent on origin when checked just now
