---
source: worktree/cli/tests/list_table.rs
expression: "labeled(vec![(\"missing local default, tracking tip, matching answer\",\nno_local_default(Some(&matched))),\n(\"missing local default, tracking tip, differing answer\",\nno_local_default(Some(&differs))),\n(\"missing local default, tracking tip, absent answer\",\nno_local_default(Some(&absent))),\n(\"missing local default, tracking tip, no answer\", no_local_default(None)),\n(\"missing tracking tip, usable present answer\",\nno_tracking_tip(Some(&matched))),\n(\"missing tracking tip, usable absent answer\",\nno_tracking_tip(Some(&absent))),\n(\"missing tracking tip, no answer\", no_tracking_tip(None)),\n(\"missing tracking tip, future-dated answer\", no_tracking_tip(Some(&future))),\n(\"failed comparison, differing observation\",\nno_local_default(Some(&differs))),])"
---
## missing local default, tracking tip, matching answer
origin/main  matched the remote when checked 2 min ago.

## missing local default, tracking tip, differing answer
origin/main  differs from the remote head observed 2 min ago; run git fetch origin to update local tracking refs.

## missing local default, tracking tip, absent answer
main  was absent on origin when checked 2 min ago.

## missing local default, tracking tip, no answer
Remote state has not been verified.

## missing tracking tip, usable present answer
No local tracking ref  origin/main ; the remote branch was present when checked 2 min ago.

## missing tracking tip, usable absent answer
No local tracking ref  origin/main ; the remote branch was absent when checked 2 min ago.

## missing tracking tip, no answer
No local tracking ref  origin/main ; remote state has not been verified.

## missing tracking tip, future-dated answer
No local tracking ref  origin/main ; remote state has not been verified.

## failed comparison, differing observation
origin/main  differs from the remote head observed 2 min ago; run git fetch origin to update local tracking refs.
