---
source: worktree/cli/tests/list_table.rs
expression: labeled(cases)
---
## checked this run, no variance
trunk  has diverged from  origin/trunk  (2 commits ahead, 5 commits behind) (checked just now)

## variance; the fetch succeeded
trunk  has diverged from  origin/trunk  (2 commits ahead, 5 commits behind) (updated from origin just now)

## variance; the fetch failed
trunk  has diverged from local  origin/trunk  (2 commits ahead, 5 commits behind) (origin differed when checked just now; fetch didn't finish within 60 s)

## still checking at 3 s
trunk  has diverged from  origin/trunk  (2 commits ahead, 5 commits behind) (origin hasn't answered yet; still checking in the background; last checked with origin 2 h ago)

## still pulling at 3 s
trunk  has diverged from local  origin/trunk  (2 commits ahead, 5 commits behind) (origin differed when checked just now; pulling remote updates in the background)

## check failed; an earlier answer exists
trunk  has diverged from  origin/trunk  (2 commits ahead, 5 commits behind) (couldn't check origin; last checked with origin 2 h ago)

## check failed; no earlier answer; the tracking ref has a reflog
trunk  has diverged from  origin/trunk  (2 commits ahead, 5 commits behind) (couldn't check origin; tracking ref last changed 3 h ago)

## check failed; nothing known
trunk  has diverged from  origin/trunk  (2 commits ahead, 5 commits behind) (couldn't check origin; never checked with origin)

## branch absent on origin, tracking ref still exists
trunk  has diverged from  origin/trunk  (2 commits ahead, 5 commits behind) (trunk was absent on origin when checked just now; origin/trunk is a local tracking ref)

## pruned, absent
trunk  was absent on origin when checked just now
