---
source: worktree/cli/tests/list_table.rs
expression: "plain(&Example::new())"
---

  main  is 7 commits behind  origin/main  (checked just now)

┌───────────────────┬──────────────────────────────────┬──────────────────────┬───────────────────────────┐
│ Worktree          │ Branch                           │ ->  origin/main      │ -> parent                 │
├───────────────────┼──────────────────────────────────┼──────────────────────┼───────────────────────────┤
│ ○ base repo       │  main                            │ —                    │ —                         │
│ ● fix-wt-ux       │ ├─ fix/wt-ux                     │ clean +2 -1  PR #99  │ —                         │
│ ● feat-theme      │ ├─ feat/theme                    │ clean +3             │ —                         │
│ ○ feat-dark-fixes │ │  └─ feat/dark-fixes            │ clean +2 -1          │ conflicts +1 -3  PR #104  │
│ ○ old-cleanup     │ └─ chore/old-cleanup             │ clean -4             │ —                         │
│ ○ release-prep    │ release/prep  PR #7 → release/2  │ clean                │ —                         │
│                   │ experiments (deleted)            │                      │                           │
│ ● spike-parser    │ └┄ spike/parser                  │ conflicts +1 -3      │ parent deleted            │
│ ● bisect          │ detached @ a1b2c3d               │ —                    │ —                         │
└───────────────────┴──────────────────────────────────┴──────────────────────┴───────────────────────────┘

 Worktree   ○ clean    ● uncommitted files    ● uncommitted source files
 Branch     └─ merges cleanly into parent    └─ conflicts with parent    └┄ parent deleted
