---
source: worktree/cli/tests/list_table.rs
expression: labeled(cases)
---
## GitHub: no key, not visible, Git failed too
GitHub did not show this repository, and Git could not check it. If it is private, set GH_TOKEN or GITHUB_TOKEN and try again.

## GitHub: the key was not accepted
GitHub didn't accept GH_TOKEN; it may be invalid, expired, or revoked. Replace it and try again.

## GitHub: the key lacks rights
The API key GH_TOKEN doesn't have rights to view this repository on GitHub.

## GitHub: rate limited without a key
GitHub rate limited the request for updated information. Add the GH_TOKEN or GITHUB_TOKEN API key to get larger rate limits.

## GitHub: rate limited with a key
GitHub rate limited the request for updated information. Try again in a few minutes.

## GitLab: no key, not visible, Git failed too
GitLab did not show this repository, and Git could not check it. If it is private, set GITLAB_TOKEN or GITLAB_PRIVATE_TOKEN and try again.

## GitLab: the key was not accepted
GitLab didn't accept GITLAB_TOKEN; it may be invalid, expired, or revoked. Replace it and try again.

## GitLab: the key lacks rights
The API key GITLAB_TOKEN doesn't have rights to view this repository on GitLab.

## GitLab: rate limited without a key
GitLab rate limited the request for updated information. Add the GITLAB_TOKEN or GITLAB_PRIVATE_TOKEN API key to get larger rate limits.

## GitLab: rate limited with a key
GitLab rate limited the request for updated information. Try again in a few minutes.

## Gitea: no key, not visible, Git failed too
Gitea did not show this repository, and Git could not check it. If it is private, set GITEA_TOKEN or FORGEJO_TOKEN or CODEBERG_TOKEN and try again.

## Gitea: the key was not accepted
Gitea didn't accept GITEA_TOKEN; it may be invalid, expired, or revoked. Replace it and try again.

## Gitea: the key lacks rights
The API key GITEA_TOKEN doesn't have rights to view this repository on Gitea.

## Gitea: rate limited without a key
Gitea rate limited the request for updated information. Add the GITEA_TOKEN or FORGEJO_TOKEN or CODEBERG_TOKEN API key to get larger rate limits.

## Gitea: rate limited with a key
Gitea rate limited the request for updated information. Try again in a few minutes.

## Bitbucket: no key, not visible, Git failed too
Bitbucket did not show this repository, and Git could not check it. If it is private, set BITBUCKET_TOKEN and try again.

## Bitbucket: the key was not accepted
Bitbucket didn't accept BITBUCKET_TOKEN; it may be invalid, expired, or revoked. Replace it and try again.

## Bitbucket: the key lacks rights
The API key BITBUCKET_TOKEN doesn't have rights to view this repository on Bitbucket.

## Bitbucket: rate limited without a key
Bitbucket rate limited the request for updated information. Add the BITBUCKET_TOKEN API key to get larger rate limits.

## Bitbucket: rate limited with a key
Bitbucket rate limited the request for updated information. Try again in a few minutes.
