---
source: worktree/cli/tests/list_table.rs
expression: "labeled(vec![(\"0 s\", at(checked_at)), (\"59 s\", at(checked_at + 59)),\n(\"60 s\", at(checked_at + 60)), (\"3599 s\", at(checked_at + 3599)),\n(\"3600 s\", at(checked_at + 3600)),\n(\"2 days - 1 min\", at(checked_at + 2 * 86_400 - 60)),\n(\"2 days\", at(checked_at + 2 * 86_400)),\n(\"future-dated by 1 s at render time\", at(checked_at - 1)),\n(\"future-dated by 1 day at render time\", at(checked_at - 86_400)),])"
---
## 0 s
origin/main  matched the remote when checked less than 1 min ago.

## 59 s
origin/main  matched the remote when checked less than 1 min ago.

## 60 s
origin/main  matched the remote when checked 1 min ago.

## 3599 s
origin/main  matched the remote when checked 59 min ago.

## 3600 s
origin/main  matched the remote when checked 1 h ago.

## 2 days - 1 min
origin/main  matched the remote when checked 47 h ago.

## 2 days
origin/main  matched the remote when checked 2 days ago.

## future-dated by 1 s at render time
Remote state has not been verified.

## future-dated by 1 day at render time
Remote state has not been verified.
