---
source: darkmatter/lib/tests/layout_snapshots.rs
assertion_line: 74
expression: out
---
    
    
  [48;2;30;30;35m                                                                                                      [0m  
  [48;2;30;30;35m [1m# Title[0m[48;2;30;30;35m                                                                                              [0m  
  [48;2;30;30;35m [48;2;30;30;35m                                                                                                     [0m  
  [48;2;30;30;35m Some prose here.[48;2;30;30;35m                                                                                     [0m  
  [48;2;30;30;35m [48;2;30;30;35m                                                                                                     [0m  
  [48;2;30;30;35m                                                                                               [0m[48;2;250;250;250m[38;2;0;0;0m rust [0m [0m  
  [48;2;30;30;35m [0m[48;2;250;250;250m                                                                                                    [0m [0m  
  [48;2;30;30;35m [0m[48;2;250;250;250m[38;2;128;128;128m1 │ [38;2;166;38;164mfn[38;2;56;58;66m [38;2;1;132;188mmain[38;2;56;58;66m([38;2;56;58;66m)[38;2;56;58;66m [38;2;56;58;66m{[38;2;56;58;66m}                                                                                    [0m [0m  
  [48;2;30;30;35m [0m[48;2;250;250;250m                                                                                                    [0m [0m  
  [48;2;30;30;35m                                                                                                      [0m
