---
source: darkmatter/lib/tests/layout_snapshots.rs
expression: out
---
    
    
  [48;2;30;30;35m                                                                                                      [0m  
  [48;2;30;30;35m [38;2;220;223;228m█ [0m[38;2;220;223;228mTitle[0m[48;2;30;30;35m                                                                                              [0m  
  [48;2;30;30;35m [48;2;30;30;35m                                                                                                     [0m  
  [48;2;30;30;35m [38;2;220;223;228mSome[0m [38;2;220;223;228mprose[0m [38;2;220;223;228mhere.[0m[48;2;30;30;35m                                                                                     [0m  
  [48;2;30;30;35m [48;2;30;30;35m                                                                                                     [0m  
  [48;2;30;30;35m                                                                                               [48;2;34;34;34m[38;2;255;255;255m rust [0m [0m  
  [48;2;30;30;35m [48;2;34;34;34m                                                                                                    [0m [0m  
  [48;2;30;30;35m [48;2;34;34;34m[38;2;128;128;128m1 │ [38;2;102;217;239mfn[38;2;248;248;242m [38;2;166;226;46mmain[38;2;248;248;242m([38;2;248;248;242m)[38;2;248;248;242m [38;2;248;248;242m{[38;2;248;248;242m}                                                                                    [0m [0m  
  [48;2;30;30;35m [48;2;34;34;34m                                                                                                    [0m [0m  
  [48;2;30;30;35m                                                                                                      [0m
