---
source: darkmatter/lib/tests/schemas_convert_snapshots.rs
assertion_line: 212
expression: convert_yaml(yaml)
---
{
  "$schema": "https://json-schema.org/draft/2020-12/schema",
  "additionalProperties": true,
  "properties": {
    "flag": {
      "anyOf": [
        {
          "type": "null"
        },
        {
          "type": "boolean"
        },
        {
          "anyOf": [
            {
              "type": "boolean"
            },
            {
              "enum": [
                "true",
                "false",
                "True",
                "False",
                "TRUE",
                "FALSE"
              ]
            }
          ]
        }
      ],
      "default": true
    }
  },
  "type": "object"
}
