---
source: darkmatter/lib/tests/schemas_convert_snapshots.rs
assertion_line: 269
expression: convert_yaml(yaml)
---
{
  "$schema": "https://json-schema.org/draft/2020-12/schema",
  "additionalProperties": true,
  "properties": {
    "config_required": {
      "additionalProperties": false,
      "properties": {
        "host": {
          "anyOf": [
            {
              "type": "null"
            },
            {
              "type": "string"
            }
          ]
        }
      },
      "type": "object"
    }
  },
  "required": [
    "config_required"
  ],
  "type": "object"
}
