---
source: darkmatter/lib/tests/schemas_convert_snapshots.rs
assertion_line: 310
expression: convert_yaml(yaml)
---
{
  "$schema": "https://json-schema.org/draft/2020-12/schema",
  "additionalProperties": true,
  "properties": {
    "payload": {
      "anyOf": [
        {
          "type": "null"
        },
        {
          "additionalProperties": false,
          "properties": {
            "foo_id": {
              "type": "string"
            },
            "type": {
              "enum": [
                "foo"
              ]
            }
          },
          "required": [
            "type",
            "foo_id"
          ],
          "type": "object"
        },
        {
          "additionalProperties": false,
          "properties": {
            "bar_count": {
              "type": "number"
            },
            "type": {
              "enum": [
                "bar"
              ]
            }
          },
          "required": [
            "type",
            "bar_count"
          ],
          "type": "object"
        }
      ]
    }
  },
  "type": "object"
}
