---
source: darkmatter/lib/tests/schemas_convert_snapshots.rs
expression: convert_yaml(yaml)
---
{
  "$schema": "https://json-schema.org/draft/2020-12/schema",
  "anyOf": [
    {
      "additionalProperties": true,
      "properties": {
        "body": {
          "type": "string"
        },
        "title": {
          "type": "string"
        }
      },
      "required": [
        "title"
      ],
      "type": "object"
    },
    {
      "additionalProperties": true,
      "properties": {
        "name": {
          "type": "string"
        }
      },
      "required": [
        "name"
      ],
      "type": "object"
    }
  ]
}
