---
source: darkmatter/lib/tests/schemas_convert_snapshots.rs
assertion_line: 253
expression: convert_yaml(yaml)
---
{
  "$schema": "https://json-schema.org/draft/2020-12/schema",
  "additionalProperties": true,
  "properties": {
    "config": {
      "anyOf": [
        {
          "type": "null"
        },
        {
          "additionalProperties": false,
          "properties": {
            "host": {
              "type": "string"
            },
            "port": {
              "anyOf": [
                {
                  "type": "null"
                },
                {
                  "type": "number"
                }
              ],
              "default": 8080
            }
          },
          "required": [
            "host"
          ],
          "type": "object"
        }
      ]
    }
  },
  "type": "object"
}
