---
source: darkmatter/lib/tests/schemas_convert_snapshots.rs
assertion_line: 75
expression: "convert_atom(\"number\")"
---
{
  "$schema": "https://json-schema.org/draft/2020-12/schema",
  "additionalProperties": true,
  "properties": {
    "field": {
      "anyOf": [
        {
          "type": "null"
        },
        {
          "type": "number"
        }
      ]
    }
  },
  "type": "object"
}
