---
source: biscuit-terminal/lib/tests/layout_matrix.rs
expression: html
---
<ul style="margin-top:0;margin-bottom:0;margin-left:10%;margin-right:0;padding-top:0;padding-bottom:0;padding-left:0;padding-right:0;white-space:nowrap"><li class="todo-in-progress task-list-item"><input type="checkbox" disabled><p>Review pull request #42</p></li></ul>
