---
source: sniff/cli/tests/snapshots.rs
expression: "normalize_text(&run_stdout(&[\"--help\"]))"
---
sniff 0.1.0
Detect system and repository information

Usage: sniff [OPTIONS] [COMMAND]

  -b, --base <BASE>  Base directory for filesystem analysis
      --json         Output as JSON instead of text (with subcommand) or force JSON (no subcommand)
      --perf         Include structured performance timings and counters in the output
  -v, --verbose...   Increase output verbosity (styled user output only; never raw tracing)
      --debug...     Emit raw developer tracing to stderr; repeat for higher verbosity
      --plain        Strip terminal escape codes from text output
  -h, --help         Print help
  -V, --version      Print version


Commands:
  System:
    sniff os              Show OS information
    sniff runtime         Show native, WSL 1, or WSL 2 runtime
    sniff hardware        Show hardware information
    sniff network         Show network information
    sniff cpu             Show CPU information
    sniff gpu             Show GPU information
    sniff memory          Show memory information
    sniff storage         Show storage/disk information
    sniff audio-devices   Show audio devices

  Repository & Filesystem:
    sniff repo            Show repository name (--json for the scope-complete aggregate; --help for
    all repo commands)
    sniff filesystem      Show full filesystem report
    sniff language        Show language detection
    sniff files           Show file associations
    sniff docs            Show markdown documents
    sniff blast-radius    Find docs affected by changed source files

  Programs:
    sniff software                                      Show all installed programs
    sniff software install-plan <name>                  Explain how a program would be installed
    sniff software editors                              Show editors (supports 'install' and
    'install-plan')
    sniff software utilities                            Show utilities
    sniff software agents                               Show AI agent CLI tools
    sniff software notification-helpers                 Show desktop notification helpers
    sniff software language-package-managers            Show language package managers
    sniff software os-package-managers                  Show OS package managers
    sniff software tts-clients                          Show TTS clients
    sniff software terminal-apps                        Show terminal apps
    sniff software audio-players                        Show headless audio players
    sniff software test-runners                         Show test runners

  Services:
    sniff services        Show running services

  Justfiles:
    sniff just            Detect justfiles and recipes
    sniff just sniff      Filter to justfiles with "sniff" in their path
    sniff just --with build   Show justfiles containing a "build" recipe
    sniff just -v         Show justfiles with recipe details

  Discovery:
    sniff topics          Show all subsection topics

Output modes:
  No subcommand: show this help (use --json for full JSON)
  With subcommand: text by default, --json for JSON, --plain for unstyled text
