---
source: sniff/cli/tests/snapshots.rs
expression: "normalize_text(&run_stdout(&[\"--help\"]))"
---
sniff 0.1.0
Detect system and repository information

Usage: sniff [OPTIONS] [COMMAND]

  -b, --base <BASE>  Base directory for filesystem analysis
      --json         Output as JSON instead of text (with subcommand) or force JSON (no subcommand)
  -v, --verbose...   Increase output verbosity
      --plain        Strip terminal escape codes from text output
  -h, --help         Print help
  -V, --version      Print version


Commands:
  System:
    sniff os              Show OS information
    sniff hardware        Show hardware information
    sniff network         Show network information
    sniff cpu             Show CPU information
    sniff gpu             Show GPU information
    sniff memory          Show memory information
    sniff storage         Show storage/disk information
    sniff audio-devices   Show audio devices

  Repository & Filesystem:
    sniff repo            Show repository structure (use --help for all repo commands)
    sniff filesystem      Show full filesystem report
    sniff language        Show language detection
    sniff files           Show file associations
    sniff docs            Show markdown documents

  Programs:
    sniff programs        Show all installed programs
    sniff editors         Show editors (supports 'install' subcommand)
    sniff utilities       Show utilities
    sniff agents          Show AI agent CLI tools

  Services:
    sniff services        Show running services

  Justfiles:
    sniff just            Detect justfiles and recipes
    sniff just sniff      Filter to justfiles with "sniff" in their path
    sniff just --with build   Show justfiles containing a "build" recipe
    sniff just -v         Show justfiles with recipe details

  Discovery:
    sniff topics          Show all subsection topics

Output modes:
  No subcommand: show this help (use --json for full JSON)
  With subcommand: text by default, --json for JSON, --plain for unstyled text
