---
source: darkmatter/lib/tests/schemas_convert_snapshots.rs
assertion_line: 328
expression: convert_yaml(yaml)
---
{
  "$schema": "https://json-schema.org/draft/2020-12/schema",
  "additionalProperties": true,
  "properties": {
    "empty": {
      "anyOf": [
        {
          "type": "null"
        },
        {
          "additionalProperties": false,
          "properties": {},
          "type": "object"
        }
      ]
    }
  },
  "type": "object"
}
