---
source: darkmatter/lib/tests/schemas_convert_snapshots.rs
assertion_line: 115
expression: "convert_atom(\"file(match('*.png'))[](min(1))\")"
---
{
  "$schema": "https://json-schema.org/draft/2020-12/schema",
  "additionalProperties": true,
  "properties": {
    "field": {
      "anyOf": [
        {
          "type": "null"
        },
        {
          "items": {
            "format": "darkmatter-file-reference",
            "type": "string"
          },
          "minItems": 1,
          "type": "array"
        }
      ]
    }
  },
  "type": "object"
}
