---
source: darkmatter/lib/tests/schemas_convert_snapshots.rs
assertion_line: 261
expression: convert_yaml(yaml)
---
{
  "$schema": "https://json-schema.org/draft/2020-12/schema",
  "additionalProperties": true,
  "properties": {
    "entries": {
      "anyOf": [
        {
          "type": "null"
        },
        {
          "items": {
            "additionalProperties": false,
            "properties": {
              "bar": {
                "anyOf": [
                  {
                    "type": "null"
                  },
                  {
                    "type": "string"
                  }
                ]
              },
              "foo": {
                "type": "string"
              }
            },
            "required": [
              "foo"
            ],
            "type": "object"
          },
          "type": "array"
        }
      ]
    }
  },
  "type": "object"
}
