---
source: darkmatter/lib/tests/schemas_convert_snapshots.rs
assertion_line: 320
expression: convert_yaml(yaml)
---
{
  "$schema": "https://json-schema.org/draft/2020-12/schema",
  "additionalProperties": true,
  "properties": {
    "metadata": {
      "anyOf": [
        {
          "type": "null"
        },
        {
          "items": {
            "additionalProperties": false,
            "properties": {
              "key": {
                "type": "string"
              },
              "value": {
                "type": "string"
              }
            },
            "required": [
              "key",
              "value"
            ],
            "type": "object"
          },
          "type": "array"
        },
        {
          "type": "string"
        }
      ]
    }
  },
  "type": "object"
}
