---
source: darkmatter/lib/tests/schemas_convert_snapshots.rs
assertion_line: 288
expression: convert_yaml(yaml)
---
{
  "$schema": "https://json-schema.org/draft/2020-12/schema",
  "additionalProperties": true,
  "properties": {
    "database": {
      "anyOf": [
        {
          "type": "null"
        },
        {
          "additionalProperties": false,
          "properties": {
            "primary": {
              "anyOf": [
                {
                  "type": "null"
                },
                {
                  "additionalProperties": false,
                  "properties": {
                    "host": {
                      "type": "string"
                    },
                    "port": {
                      "anyOf": [
                        {
                          "type": "null"
                        },
                        {
                          "type": "number"
                        }
                      ],
                      "default": 5432
                    }
                  },
                  "required": [
                    "host"
                  ],
                  "type": "object"
                }
              ]
            },
            "replicas": {
              "anyOf": [
                {
                  "type": "null"
                },
                {
                  "items": {
                    "additionalProperties": false,
                    "properties": {
                      "host": {
                        "anyOf": [
                          {
                            "type": "null"
                          },
                          {
                            "type": "string"
                          }
                        ]
                      },
                      "port": {
                        "anyOf": [
                          {
                            "type": "null"
                          },
                          {
                            "type": "number"
                          }
                        ]
                      }
                    },
                    "type": "object"
                  },
                  "type": "array"
                }
              ]
            }
          },
          "type": "object"
        }
      ]
    }
  },
  "type": "object"
}
