---
source: darkmatter/lib/tests/schemas_convert_snapshots.rs
assertion_line: 180
expression: "convert_atom(\"string[] -> A list of tags\")"
---
{
  "$schema": "https://json-schema.org/draft/2020-12/schema",
  "additionalProperties": true,
  "properties": {
    "field": {
      "anyOf": [
        {
          "type": "null"
        },
        {
          "items": {
            "type": "string"
          },
          "type": "array"
        }
      ],
      "description": "A list of tags"
    }
  },
  "type": "object"
}
