---
source: darkmatter/lib/tests/schemas_convert_snapshots.rs
assertion_line: 120
expression: "convert_atom(\"enum(red, green, blue)\")"
---
{
  "$schema": "https://json-schema.org/draft/2020-12/schema",
  "additionalProperties": true,
  "properties": {
    "field": {
      "anyOf": [
        {
          "type": "null"
        },
        {
          "enum": [
            "red",
            "green",
            "blue"
          ]
        }
      ]
    }
  },
  "type": "object"
}
