---
source: darkmatter/lib/tests/schemas_convert_snapshots.rs
assertion_line: 300
expression: convert_yaml(yaml)
---
{
  "$schema": "https://json-schema.org/draft/2020-12/schema",
  "additionalProperties": true,
  "properties": {
    "endpoints": {
      "anyOf": [
        {
          "type": "null"
        },
        {
          "items": {
            "additionalProperties": false,
            "properties": {
              "method": {
                "enum": [
                  "GET",
                  "POST",
                  "PUT",
                  "DELETE"
                ]
              },
              "timeout": {
                "anyOf": [
                  {
                    "type": "null"
                  },
                  {
                    "type": "number"
                  }
                ],
                "default": 30
              },
              "url": {
                "format": "uri",
                "type": "string",
                "x-darkmatter-url-scheme": [
                  "https"
                ]
              }
            },
            "required": [
              "url",
              "method"
            ],
            "type": "object"
          },
          "type": "array"
        }
      ]
    }
  },
  "type": "object"
}
