---
source: darkmatter/lib/tests/schemas_convert_snapshots.rs
assertion_line: 80
expression: "convert_atom(\"number(integer; min(0))\")"
---
{
  "$schema": "https://json-schema.org/draft/2020-12/schema",
  "additionalProperties": true,
  "properties": {
    "field": {
      "anyOf": [
        {
          "type": "null"
        },
        {
          "minimum": 0,
          "type": "integer"
        }
      ]
    }
  },
  "type": "object"
}
