---
source: claudine/cli/tests/wrap_commands.rs
expression: strip_ansi(&stdout)
---
Claudine
cross-agent abstraction and meta-agent harness

Usage: claudine <command> [options]

Shared Resources:
  skills            List available skills and their scopes
  commands          List available slash commands and their scopes
  agents            List available agent definitions and their scopes
  mcp               Manage MCP (Model Context Protocol) servers

Hook Events and Actions:
  hooks             Show registered hooks for all detected agents
  actions           Show configured actions and events

Wrapped Execution:
  claude            Wrap Claude Code with Claudine preflight/env handling
  codex             Wrap Codex CLI with Claudine preflight/env handling
  gemini            Wrap Gemini CLI with Claudine preflight/env handling
  goose             Wrap Goose with Claudine preflight/env handling
  kimi              Wrap Kimi Code with Claudine preflight/env handling
  opencode          Wrap OpenCode with Claudine preflight/env handling
  qwen              Wrap Qwen Code with Claudine preflight/env handling

Composition:
  compose           Compose a Markdown document through an agentic CLI
  compose-inline    Inline composition: frontmatter prompt, replace body
  sequence          Sequence multiple compositions  (future)

Administration:
  init              Interactive setup wizard
  sync              Re-sync hook registrations with detected agents
  uninstall         Remove Claudine hooks from all agents
  providers         Show provider capability matrix
  logs              Query and sync Claudine JSONL logs
  completions       Generate shell completions

Options:
  -v, --verbose     Increase verbosity (-v for verbose, -vv for debug)
  --plain           Strip ANSI escape codes from all output
  -h, --help        Print help
  -V, --version     Print version
