---
source: claudine/cli/tests/wrap_commands.rs
expression: strip_ansi(&stderr)
---

Claudine ▸ Codex PACKAGE_NAME: claudine-cli (area: claudine) --version
Environment Variables:
• INTERNAL_TOKEN
• OPENAI_API_KEY
• AGENT=codex
• AGENT_PARAMS=["--include","OPENAI_API_KEY","--","--version"]
• CLAUDINE_SESSION_ID=7fa2d8bd-3ef5-428a-9312-67177978325b
• INTERACTIVE=true
• PACKAGE=claudine-cli
• PACKAGE_AREA=claudine
• YOLO=false

- Info: potentially dangerous ENV variables were removed; if you need one of
   these to be included use the --include <ENV> CLI switch
