---
source: claudine/cli/tests/wrap_commands.rs
expression: redact_temp_home(&redact_session_id(&strip_ansi(&stderr)))
---

Claudine ▸ Codex  Interactive  PACKAGE_NAME: claudine-cli (area: claudine)

ℹ Starting pre-flight checks
Environment Variables:
• INTERNAL_TOKEN
• OPENAI_API_KEY
• AGENT=codex
• AGENT_PARAMS=["--include","OPENAI_API_KEY","--","--version"]
• CLAUDINE_SESSION_ID=<redacted>
• INTERACTIVE=true
• PACKAGE=claudine-cli
• PACKAGE_AREA=claudine
• PWD=/Users/ken/.claudine/worktrees/rusty-biscuit/claudine/
• YOLO=false

- Info: potentially dangerous ENV variables were removed; if you need one of
   these to be included use the --include <ENV> CLI switch
📔  System Prompt(appended) 
█ The system prompt was appended to; the content was composed from ./system-prom
█ pt.md. The composed system prompt is roughly 284 tokens.

✓ Pre-flight checks have passed
