---
source: claudine/cli/tests/wrap_commands.rs
expression: strip_ansi(&stdout)
---
Claudine — cross-agent hook/event system for agentic CLIs

Usage: claudine [OPTIONS] [COMMAND]

Commands:
  handle       Handle an incoming event from a provider hook
  dry-run      Show what would happen for an event (no side effects)
  completions  Generate shell completions
  about        Show detailed help and usage information
  init         Interactive setup wizard
  link         Link skills and commands across providers
  sync         Re-sync hook registrations with detected agents
  hooks        Show registered hooks for all detected agents
  actions      Show which actions are configured and for which events
  skills       List available skills and their scopes
  agents       List available agent definitions and their scopes
  slash        List available slash commands and their scopes
  providers    Show provider capability matrix (skill/slash/agent/hooks)
  uninstall    Remove Claudine hooks from all agents
  claude       Wrap Claude Code with Claudine preflight/env handling
  codex        Wrap Codex CLI with Claudine preflight/env handling
  gemini       Wrap Gemini CLI with Claudine preflight/env handling
  kimi         Wrap Kimi Code with Claudine preflight/env handling
  qwen         Wrap Qwen Code with Claudine preflight/env handling
  opencode     Wrap OpenCode with Claudine preflight/env handling
  goose        Wrap Goose with Claudine preflight/env handling
  help         Print this message or the help of the given subcommand(s)

Options:
  -v, --verbose...  Increase verbosity (-v for info, -vv for debug)
  -h, --help        Print help
  -V, --version     Print version
