---
source: biscuit-terminal/lib/tests/layout_matrix.rs
expression: block
---
VIA_RENDER
┌──────┬───────┐
│ Name │ Score │
├──────┼───────┤
│ Ann  │ 42    │
│ Bob  │ 17    │
└──────┴───────┘
---
VIA_TREE_DIRECT
┌──────┬───────┐
│ Name │ Score │
├──────┼───────┤
│ Ann  │ 42    │
│ Bob  │ 17    │
└──────┴───────┘
