---
source: biscuit-terminal/lib/tests/layout_matrix.rs
expression: html
---
<div style="margin-top:0;margin-bottom:0;margin-left:0;margin-right:0;padding-top:0;padding-bottom:0;padding-left:0;padding-right:0;white-space:nowrap"><p>The shared render-tree fold resolves the full Layout and Style surface for a plain block node.</p></div>
