---
source: biscuit-terminal/lib/tests/layout_matrix.rs
expression: html
---
<section style="box-sizing:content-box;margin-top:0;margin-bottom:0;margin-left:0;margin-right:0;padding-top:1lh;padding-bottom:1lh;padding-left:1ch;padding-right:1ch;white-space:nowrap"><h2>Getting Started</h2>Welcome to the tutorial.Let's begin with installation.</section>
