---
source: biscuit-terminal/lib/tests/layout_matrix.rs
expression: html
---
<div style="margin-top:0;margin-bottom:0;margin-left:0;margin-right:0;padding-top:0;padding-bottom:0;padding-left:0;padding-right:0;max-width:40ch;white-space:nowrap">First line of composed output.Second line of composed output.</div>
