---
source: messenger/cli/src/info.rs
expression: text
---
[1mHost OS:[22m Linux[0m
[1mActive daemon:[22m dunst [2m(knopwob)[22m v1.9.2[0m

[1mNotification helpers[22m[0m
┌─────────────┬───────────┬─────────┬────────────────────────────────┐
│ Helper      │ Installed │ Version │ Install hint                   │
├─────────────┼───────────┼─────────┼────────────────────────────────┤
│ dunstify    │     ✓     │ 1.2.0   │                                │
│ notify-send │     —     │         │ sudo apt install libnotify-bin │
└─────────────┴───────────┴─────────┴────────────────────────────────┘

[1mElection order on this host[22m[0m
  [2m1.[22m dunstify[0m
  [2m2.[22m notify-send[0m

[1mConfigured routes[22m[0m
  [1mdesktop[22m [2m→[22m Desktop [32m★[39m[0m
  [1mops.slack[22m [2m→[22m Slack[0m
