---
source: messenger/cli/src/info.rs
expression: json
---
{
  "host_os": "Linux",
  "active_daemon": {
    "name": "dunst",
    "vendor": "knopwob",
    "version": "1.9.2"
  },
  "bundle_id": null,
  "app_id": null,
  "helpers": [
    {
      "name": "dunstify",
      "binary_name": "dunstify",
      "installed": true,
      "path": "/usr/bin/dunstify",
      "version": "1.2.0",
      "install_hint": null,
      "website": "https://dunst-project.org",
      "description": "Customizable notification daemon"
    },
    {
      "name": "notify-send",
      "binary_name": "notify-send",
      "installed": false,
      "path": null,
      "version": null,
      "install_hint": "sudo apt install libnotify-bin",
      "website": "https://gitlab.gnome.org/GNOME/libnotify",
      "description": "Sends desktop notifications"
    }
  ],
  "election_order": [
    "dunstify",
    "notify-send"
  ],
  "routes": [
    {
      "name": "desktop",
      "provider": "Desktop",
      "is_default": true
    }
  ]
}
