---
source: messenger/cli/src/info.rs
expression: text
---
[1mHost OS:[0m Linux
[1mActive daemon:[0m dunst [2m(knopwob)[0m v1.9.2

[1mNotification helpers[0m
┌─────────────┬───────────┬─────────┬────────────────────────────────┐
│ Helper      │ Installed │ Version │ Install hint                   │
├─────────────┼───────────┼─────────┼────────────────────────────────┤
│ dunstify    │     ✓     │ 1.2.0   │                                │
│ notify-send │     —     │         │ sudo apt install libnotify-bin │
└─────────────┴───────────┴─────────┴────────────────────────────────┘

[1mElection order on this host[0m
  [2m1.[0m dunstify
  [2m2.[0m notify-send

[1mConfigured routes[0m
  [1mdesktop[0m [2m→[0m Desktop [32m★[0m
  [1mops.slack[0m [2m→[0m Slack
